Archive member included to satisfy reference by file (symbol)

c:/ti/ccs1020/ccs/tools/compiler/gcc-arm-none-eabi-7-2017-q4-major-win32/bin/../lib/gcc/arm-none-eabi/7.2.1/../../../../arm-none-eabi/lib/thumb/v7e-m/fpv4-sp/hard\libg.a(lib_a-exit.o)
                              c:/ti/ccs1020/ccs/tools/compiler/gcc-arm-none-eabi-7-2017-q4-major-win32/bin/../lib/gcc/arm-none-eabi/7.2.1/../../../../arm-none-eabi/lib/thumb/v7e-m/fpv4-sp/hard/crt0.o (exit)
c:/ti/ccs1020/ccs/tools/compiler/gcc-arm-none-eabi-7-2017-q4-major-win32/bin/../lib/gcc/arm-none-eabi/7.2.1/../../../../arm-none-eabi/lib/thumb/v7e-m/fpv4-sp/hard\libg.a(lib_a-impure.o)
                              c:/ti/ccs1020/ccs/tools/compiler/gcc-arm-none-eabi-7-2017-q4-major-win32/bin/../lib/gcc/arm-none-eabi/7.2.1/../../../../arm-none-eabi/lib/thumb/v7e-m/fpv4-sp/hard\libg.a(lib_a-exit.o) (_global_impure_ptr)
c:/ti/ccs1020/ccs/tools/compiler/gcc-arm-none-eabi-7-2017-q4-major-win32/bin/../lib/gcc/arm-none-eabi/7.2.1/../../../../arm-none-eabi/lib/thumb/v7e-m/fpv4-sp/hard\libg.a(lib_a-init.o)
                              c:/ti/ccs1020/ccs/tools/compiler/gcc-arm-none-eabi-7-2017-q4-major-win32/bin/../lib/gcc/arm-none-eabi/7.2.1/../../../../arm-none-eabi/lib/thumb/v7e-m/fpv4-sp/hard/crt0.o (__libc_init_array)
c:/ti/ccs1020/ccs/tools/compiler/gcc-arm-none-eabi-7-2017-q4-major-win32/bin/../lib/gcc/arm-none-eabi/7.2.1/../../../../arm-none-eabi/lib/thumb/v7e-m/fpv4-sp/hard\libg.a(lib_a-memset.o)
                              c:/ti/ccs1020/ccs/tools/compiler/gcc-arm-none-eabi-7-2017-q4-major-win32/bin/../lib/gcc/arm-none-eabi/7.2.1/../../../../arm-none-eabi/lib/thumb/v7e-m/fpv4-sp/hard/crt0.o (memset)
c:/ti/ccs1020/ccs/tools/compiler/gcc-arm-none-eabi-7-2017-q4-major-win32/bin/../lib/gcc/arm-none-eabi/7.2.1/../../../../arm-none-eabi/lib/thumb/v7e-m/fpv4-sp/hard\libg.a(lib_a-__call_atexit.o)
                              c:/ti/ccs1020/ccs/tools/compiler/gcc-arm-none-eabi-7-2017-q4-major-win32/bin/../lib/gcc/arm-none-eabi/7.2.1/../../../../arm-none-eabi/lib/thumb/v7e-m/fpv4-sp/hard\libg.a(lib_a-exit.o) (__call_exitprocs)
c:/ti/ccs1020/ccs/tools/compiler/gcc-arm-none-eabi-7-2017-q4-major-win32/bin/../lib/gcc/arm-none-eabi/7.2.1/../../../../arm-none-eabi/lib/thumb/v7e-m/fpv4-sp/hard\libg.a(lib_a-atexit.o)
                              c:/ti/ccs1020/ccs/tools/compiler/gcc-arm-none-eabi-7-2017-q4-major-win32/bin/../lib/gcc/arm-none-eabi/7.2.1/../../../../arm-none-eabi/lib/thumb/v7e-m/fpv4-sp/hard\libg.a(lib_a-__call_atexit.o) (atexit)
c:/ti/ccs1020/ccs/tools/compiler/gcc-arm-none-eabi-7-2017-q4-major-win32/bin/../lib/gcc/arm-none-eabi/7.2.1/../../../../arm-none-eabi/lib/thumb/v7e-m/fpv4-sp/hard\libg.a(lib_a-fini.o)
                              c:/ti/ccs1020/ccs/tools/compiler/gcc-arm-none-eabi-7-2017-q4-major-win32/bin/../lib/gcc/arm-none-eabi/7.2.1/../../../../arm-none-eabi/lib/thumb/v7e-m/fpv4-sp/hard\libg.a(lib_a-__call_atexit.o) (__libc_fini_array)
c:/ti/ccs1020/ccs/tools/compiler/gcc-arm-none-eabi-7-2017-q4-major-win32/bin/../lib/gcc/arm-none-eabi/7.2.1/../../../../arm-none-eabi/lib/thumb/v7e-m/fpv4-sp/hard\libg.a(lib_a-lock.o)
                              c:/ti/ccs1020/ccs/tools/compiler/gcc-arm-none-eabi-7-2017-q4-major-win32/bin/../lib/gcc/arm-none-eabi/7.2.1/../../../../arm-none-eabi/lib/thumb/v7e-m/fpv4-sp/hard\libg.a(lib_a-__call_atexit.o) (__retarget_lock_acquire_recursive)
c:/ti/ccs1020/ccs/tools/compiler/gcc-arm-none-eabi-7-2017-q4-major-win32/bin/../lib/gcc/arm-none-eabi/7.2.1/../../../../arm-none-eabi/lib/thumb/v7e-m/fpv4-sp/hard\libg.a(lib_a-__atexit.o)
                              c:/ti/ccs1020/ccs/tools/compiler/gcc-arm-none-eabi-7-2017-q4-major-win32/bin/../lib/gcc/arm-none-eabi/7.2.1/../../../../arm-none-eabi/lib/thumb/v7e-m/fpv4-sp/hard\libg.a(lib_a-atexit.o) (__register_exitproc)
c:/ti/ccs1020/ccs/tools/compiler/gcc-arm-none-eabi-7-2017-q4-major-win32/bin/../lib/gcc/arm-none-eabi/7.2.1/../../../../arm-none-eabi/lib/thumb/v7e-m/fpv4-sp/hard\libnosys.a(_exit.o)
                              c:/ti/ccs1020/ccs/tools/compiler/gcc-arm-none-eabi-7-2017-q4-major-win32/bin/../lib/gcc/arm-none-eabi/7.2.1/../../../../arm-none-eabi/lib/thumb/v7e-m/fpv4-sp/hard\libg.a(lib_a-exit.o) (_exit)

Allocating common symbols
Common symbol       size              file

__lock___atexit_recursive_mutex
                    0x1               c:/ti/ccs1020/ccs/tools/compiler/gcc-arm-none-eabi-7-2017-q4-major-win32/bin/../lib/gcc/arm-none-eabi/7.2.1/../../../../arm-none-eabi/lib/thumb/v7e-m/fpv4-sp/hard\libg.a(lib_a-lock.o)
__lock___arc4random_mutex
                    0x1               c:/ti/ccs1020/ccs/tools/compiler/gcc-arm-none-eabi-7-2017-q4-major-win32/bin/../lib/gcc/arm-none-eabi/7.2.1/../../../../arm-none-eabi/lib/thumb/v7e-m/fpv4-sp/hard\libg.a(lib_a-lock.o)
__lock___env_recursive_mutex
                    0x1               c:/ti/ccs1020/ccs/tools/compiler/gcc-arm-none-eabi-7-2017-q4-major-win32/bin/../lib/gcc/arm-none-eabi/7.2.1/../../../../arm-none-eabi/lib/thumb/v7e-m/fpv4-sp/hard\libg.a(lib_a-lock.o)
__lock___sinit_recursive_mutex
                    0x1               c:/ti/ccs1020/ccs/tools/compiler/gcc-arm-none-eabi-7-2017-q4-major-win32/bin/../lib/gcc/arm-none-eabi/7.2.1/../../../../arm-none-eabi/lib/thumb/v7e-m/fpv4-sp/hard\libg.a(lib_a-lock.o)
__lock___malloc_recursive_mutex
                    0x1               c:/ti/ccs1020/ccs/tools/compiler/gcc-arm-none-eabi-7-2017-q4-major-win32/bin/../lib/gcc/arm-none-eabi/7.2.1/../../../../arm-none-eabi/lib/thumb/v7e-m/fpv4-sp/hard\libg.a(lib_a-lock.o)
__lock___at_quick_exit_mutex
                    0x1               c:/ti/ccs1020/ccs/tools/compiler/gcc-arm-none-eabi-7-2017-q4-major-win32/bin/../lib/gcc/arm-none-eabi/7.2.1/../../../../arm-none-eabi/lib/thumb/v7e-m/fpv4-sp/hard\libg.a(lib_a-lock.o)
__lock___dd_hash_mutex
                    0x1               c:/ti/ccs1020/ccs/tools/compiler/gcc-arm-none-eabi-7-2017-q4-major-win32/bin/../lib/gcc/arm-none-eabi/7.2.1/../../../../arm-none-eabi/lib/thumb/v7e-m/fpv4-sp/hard\libg.a(lib_a-lock.o)
__lock___tz_mutex   0x1               c:/ti/ccs1020/ccs/tools/compiler/gcc-arm-none-eabi-7-2017-q4-major-win32/bin/../lib/gcc/arm-none-eabi/7.2.1/../../../../arm-none-eabi/lib/thumb/v7e-m/fpv4-sp/hard\libg.a(lib_a-lock.o)
__lock___sfp_recursive_mutex
                    0x1               c:/ti/ccs1020/ccs/tools/compiler/gcc-arm-none-eabi-7-2017-q4-major-win32/bin/../lib/gcc/arm-none-eabi/7.2.1/../../../../arm-none-eabi/lib/thumb/v7e-m/fpv4-sp/hard\libg.a(lib_a-lock.o)

Memory Configuration

Name             Origin             Length             Attributes
FLASH            0x00000000         0x00040000         xr
SRAM             0x20000000         0x00008000         xw
*default*        0x00000000         0xffffffff

Linker script and memory map

LOAD c:/ti/ccs1020/ccs/tools/compiler/gcc-arm-none-eabi-7-2017-q4-major-win32/bin/../lib/gcc/arm-none-eabi/7.2.1/thumb/v7e-m/fpv4-sp/hard/crti.o
LOAD c:/ti/ccs1020/ccs/tools/compiler/gcc-arm-none-eabi-7-2017-q4-major-win32/bin/../lib/gcc/arm-none-eabi/7.2.1/thumb/v7e-m/fpv4-sp/hard/crtbegin.o
LOAD c:/ti/ccs1020/ccs/tools/compiler/gcc-arm-none-eabi-7-2017-q4-major-win32/bin/../lib/gcc/arm-none-eabi/7.2.1/../../../../arm-none-eabi/lib/thumb/v7e-m/fpv4-sp/hard/crt0.o
LOAD ./main.o
LOAD ./tm4c123gh6pm_startup_ccs_gcc.o
LOAD ./HAL/HBLUETOOTH/HBLUETOOTH_program.o
LOAD ./MCAL/MDIO/MDIO_program.o
LOAD ./MCAL/MSPI/MSPI_program.o
LOAD ./MCAL/MSysTick/MSysTick_program.o
LOAD ./MCAL/MUART/MUART_program.o
                0x00000000                PROVIDE (_intvecs_base_address, 0x0)

.intvecs        0x00000000      0x26c
 *(.intvecs)
 .intvecs       0x00000000      0x26c ./tm4c123gh6pm_startup_ccs_gcc.o
                0x00000000                g_pfnVectors
                0x20000000                PROVIDE (_vtable_base_address, 0x20000000)

.vtable
 *(.vtable)

.text           0x0000026c      0xca8
 CREATE_OBJECT_SYMBOLS
 *(.text)
 .text          0x0000026c        0x0 c:/ti/ccs1020/ccs/tools/compiler/gcc-arm-none-eabi-7-2017-q4-major-win32/bin/../lib/gcc/arm-none-eabi/7.2.1/thumb/v7e-m/fpv4-sp/hard/crti.o
 .text          0x0000026c       0x40 c:/ti/ccs1020/ccs/tools/compiler/gcc-arm-none-eabi-7-2017-q4-major-win32/bin/../lib/gcc/arm-none-eabi/7.2.1/thumb/v7e-m/fpv4-sp/hard/crtbegin.o
 .text          0x000002ac       0x74 c:/ti/ccs1020/ccs/tools/compiler/gcc-arm-none-eabi-7-2017-q4-major-win32/bin/../lib/gcc/arm-none-eabi/7.2.1/../../../../arm-none-eabi/lib/thumb/v7e-m/fpv4-sp/hard/crt0.o
                0x000002ac                _start
                0x000002ac                _mainCRTStartup
 .text          0x00000320        0x0 ./main.o
 .text          0x00000320        0x0 ./tm4c123gh6pm_startup_ccs_gcc.o
 .text          0x00000320        0x0 ./HAL/HBLUETOOTH/HBLUETOOTH_program.o
 .text          0x00000320        0x0 ./MCAL/MDIO/MDIO_program.o
 .text          0x00000320        0x0 ./MCAL/MSPI/MSPI_program.o
 .text          0x00000320        0x0 ./MCAL/MSysTick/MSysTick_program.o
 .text          0x00000320        0x0 ./MCAL/MUART/MUART_program.o
 .text          0x00000320        0x0 c:/ti/ccs1020/ccs/tools/compiler/gcc-arm-none-eabi-7-2017-q4-major-win32/bin/../lib/gcc/arm-none-eabi/7.2.1/../../../../arm-none-eabi/lib/thumb/v7e-m/fpv4-sp/hard\libg.a(lib_a-exit.o)
 .text          0x00000320        0x0 c:/ti/ccs1020/ccs/tools/compiler/gcc-arm-none-eabi-7-2017-q4-major-win32/bin/../lib/gcc/arm-none-eabi/7.2.1/../../../../arm-none-eabi/lib/thumb/v7e-m/fpv4-sp/hard\libg.a(lib_a-impure.o)
 .text          0x00000320        0x0 c:/ti/ccs1020/ccs/tools/compiler/gcc-arm-none-eabi-7-2017-q4-major-win32/bin/../lib/gcc/arm-none-eabi/7.2.1/../../../../arm-none-eabi/lib/thumb/v7e-m/fpv4-sp/hard\libg.a(lib_a-init.o)
 .text          0x00000320        0x0 c:/ti/ccs1020/ccs/tools/compiler/gcc-arm-none-eabi-7-2017-q4-major-win32/bin/../lib/gcc/arm-none-eabi/7.2.1/../../../../arm-none-eabi/lib/thumb/v7e-m/fpv4-sp/hard\libg.a(lib_a-memset.o)
 .text          0x00000320        0x0 c:/ti/ccs1020/ccs/tools/compiler/gcc-arm-none-eabi-7-2017-q4-major-win32/bin/../lib/gcc/arm-none-eabi/7.2.1/../../../../arm-none-eabi/lib/thumb/v7e-m/fpv4-sp/hard\libg.a(lib_a-__call_atexit.o)
 .text          0x00000320        0x0 c:/ti/ccs1020/ccs/tools/compiler/gcc-arm-none-eabi-7-2017-q4-major-win32/bin/../lib/gcc/arm-none-eabi/7.2.1/../../../../arm-none-eabi/lib/thumb/v7e-m/fpv4-sp/hard\libg.a(lib_a-atexit.o)
 .text          0x00000320        0x0 c:/ti/ccs1020/ccs/tools/compiler/gcc-arm-none-eabi-7-2017-q4-major-win32/bin/../lib/gcc/arm-none-eabi/7.2.1/../../../../arm-none-eabi/lib/thumb/v7e-m/fpv4-sp/hard\libg.a(lib_a-fini.o)
 .text          0x00000320        0x0 c:/ti/ccs1020/ccs/tools/compiler/gcc-arm-none-eabi-7-2017-q4-major-win32/bin/../lib/gcc/arm-none-eabi/7.2.1/../../../../arm-none-eabi/lib/thumb/v7e-m/fpv4-sp/hard\libg.a(lib_a-lock.o)
 .text          0x00000320        0x0 c:/ti/ccs1020/ccs/tools/compiler/gcc-arm-none-eabi-7-2017-q4-major-win32/bin/../lib/gcc/arm-none-eabi/7.2.1/../../../../arm-none-eabi/lib/thumb/v7e-m/fpv4-sp/hard\libg.a(lib_a-__atexit.o)
 .text          0x00000320        0x0 c:/ti/ccs1020/ccs/tools/compiler/gcc-arm-none-eabi-7-2017-q4-major-win32/bin/../lib/gcc/arm-none-eabi/7.2.1/../../../../arm-none-eabi/lib/thumb/v7e-m/fpv4-sp/hard\libnosys.a(_exit.o)
 .text          0x00000320        0x0 c:/ti/ccs1020/ccs/tools/compiler/gcc-arm-none-eabi-7-2017-q4-major-win32/bin/../lib/gcc/arm-none-eabi/7.2.1/thumb/v7e-m/fpv4-sp/hard/crtend.o
 .text          0x00000320        0x0 c:/ti/ccs1020/ccs/tools/compiler/gcc-arm-none-eabi-7-2017-q4-major-win32/bin/../lib/gcc/arm-none-eabi/7.2.1/thumb/v7e-m/fpv4-sp/hard/crtn.o
 *(.text.*)
 .text.main     0x00000320       0x1a ./main.o
                0x00000320                main
 .text.NmiSR    0x0000033a        0x2 ./tm4c123gh6pm_startup_ccs_gcc.o
 .text.FaultISR
                0x0000033c        0x2 ./tm4c123gh6pm_startup_ccs_gcc.o
 .text.IntDefaultHandler
                0x0000033e        0x2 ./tm4c123gh6pm_startup_ccs_gcc.o
 .text.ResetISR
                0x00000340       0x50 ./tm4c123gh6pm_startup_ccs_gcc.o
                0x00000340                ResetISR
 .text.HBLUETOOTH_Init
                0x00000390        0xa ./HAL/HBLUETOOTH/HBLUETOOTH_program.o
                0x00000390                HBLUETOOTH_Init
 .text.HBLUETOOTH_RcvData
                0x0000039a       0x1a ./HAL/HBLUETOOTH/HBLUETOOTH_program.o
                0x0000039a                HBLUETOOTH_RcvData
 .text.MDIO_SetPinDirection
                0x000003b4      0x3fc ./MCAL/MDIO/MDIO_program.o
                0x000003b4                MDIO_SetPinDirection
 .text.MDIO_SetPinValue
                0x000007b0       0xd0 ./MCAL/MDIO/MDIO_program.o
                0x000007b0                MDIO_SetPinValue
 .text.MDIO_GetPinValue
                0x00000880       0x84 ./MCAL/MDIO/MDIO_program.o
                0x00000880                MDIO_GetPinValue
 .text.MSPI1_MasterInit
                0x00000904       0xb4 ./MCAL/MSPI/MSPI_program.o
                0x00000904                MSPI1_MasterInit
 .text.MSPI1_MasterSendByte
                0x000009b8       0x70 ./MCAL/MSPI/MSPI_program.o
                0x000009b8                MSPI1_MasterSendByte
 .text._delay_us
                0x00000a28       0x30 ./MCAL/MSysTick/MSysTick_program.o
                0x00000a28                _delay_us
 .text._delay_ms
                0x00000a58       0x10 ./MCAL/MSysTick/MSysTick_program.o
                0x00000a58                _delay_ms
 .text.MUART1_Init
                0x00000a68       0xf4 ./MCAL/MUART/MUART_program.o
                0x00000a68                MUART1_Init
 .text.MUART1_SendByte
                0x00000b5c       0x38 ./MCAL/MUART/MUART_program.o
                0x00000b5c                MUART1_SendByte
 .text.MUART1_RecvByte
                0x00000b94       0x38 ./MCAL/MUART/MUART_program.o
                0x00000b94                MUART1_RecvByte
 .text.exit     0x00000bcc       0x20 c:/ti/ccs1020/ccs/tools/compiler/gcc-arm-none-eabi-7-2017-q4-major-win32/bin/../lib/gcc/arm-none-eabi/7.2.1/../../../../arm-none-eabi/lib/thumb/v7e-m/fpv4-sp/hard\libg.a(lib_a-exit.o)
                0x00000bcc                exit
 .text.__libc_init_array
                0x00000bec       0x48 c:/ti/ccs1020/ccs/tools/compiler/gcc-arm-none-eabi-7-2017-q4-major-win32/bin/../lib/gcc/arm-none-eabi/7.2.1/../../../../arm-none-eabi/lib/thumb/v7e-m/fpv4-sp/hard\libg.a(lib_a-init.o)
                0x00000bec                __libc_init_array
 .text.memset   0x00000c34       0x94 c:/ti/ccs1020/ccs/tools/compiler/gcc-arm-none-eabi-7-2017-q4-major-win32/bin/../lib/gcc/arm-none-eabi/7.2.1/../../../../arm-none-eabi/lib/thumb/v7e-m/fpv4-sp/hard\libg.a(lib_a-memset.o)
                0x00000c34                memset
 .text.startup.register_fini
                0x00000cc8       0x14 c:/ti/ccs1020/ccs/tools/compiler/gcc-arm-none-eabi-7-2017-q4-major-win32/bin/../lib/gcc/arm-none-eabi/7.2.1/../../../../arm-none-eabi/lib/thumb/v7e-m/fpv4-sp/hard\libg.a(lib_a-__call_atexit.o)
 .text.__call_exitprocs
                0x00000cdc       0xe8 c:/ti/ccs1020/ccs/tools/compiler/gcc-arm-none-eabi-7-2017-q4-major-win32/bin/../lib/gcc/arm-none-eabi/7.2.1/../../../../arm-none-eabi/lib/thumb/v7e-m/fpv4-sp/hard\libg.a(lib_a-__call_atexit.o)
                0x00000cdc                __call_exitprocs
 .text.atexit   0x00000dc4        0xc c:/ti/ccs1020/ccs/tools/compiler/gcc-arm-none-eabi-7-2017-q4-major-win32/bin/../lib/gcc/arm-none-eabi/7.2.1/../../../../arm-none-eabi/lib/thumb/v7e-m/fpv4-sp/hard\libg.a(lib_a-atexit.o)
                0x00000dc4                atexit
 .text.__libc_fini_array
                0x00000dd0       0x34 c:/ti/ccs1020/ccs/tools/compiler/gcc-arm-none-eabi-7-2017-q4-major-win32/bin/../lib/gcc/arm-none-eabi/7.2.1/../../../../arm-none-eabi/lib/thumb/v7e-m/fpv4-sp/hard\libg.a(lib_a-fini.o)
                0x00000dd0                __libc_fini_array
 .text.__retarget_lock_init
                0x00000e04        0x4 c:/ti/ccs1020/ccs/tools/compiler/gcc-arm-none-eabi-7-2017-q4-major-win32/bin/../lib/gcc/arm-none-eabi/7.2.1/../../../../arm-none-eabi/lib/thumb/v7e-m/fpv4-sp/hard\libg.a(lib_a-lock.o)
                0x00000e04                __retarget_lock_init
 .text.__retarget_lock_init_recursive
                0x00000e08        0x4 c:/ti/ccs1020/ccs/tools/compiler/gcc-arm-none-eabi-7-2017-q4-major-win32/bin/../lib/gcc/arm-none-eabi/7.2.1/../../../../arm-none-eabi/lib/thumb/v7e-m/fpv4-sp/hard\libg.a(lib_a-lock.o)
                0x00000e08                __retarget_lock_init_recursive
 .text.__retarget_lock_close
                0x00000e0c        0x4 c:/ti/ccs1020/ccs/tools/compiler/gcc-arm-none-eabi-7-2017-q4-major-win32/bin/../lib/gcc/arm-none-eabi/7.2.1/../../../../arm-none-eabi/lib/thumb/v7e-m/fpv4-sp/hard\libg.a(lib_a-lock.o)
                0x00000e0c                __retarget_lock_close
 .text.__retarget_lock_close_recursive
                0x00000e10        0x4 c:/ti/ccs1020/ccs/tools/compiler/gcc-arm-none-eabi-7-2017-q4-major-win32/bin/../lib/gcc/arm-none-eabi/7.2.1/../../../../arm-none-eabi/lib/thumb/v7e-m/fpv4-sp/hard\libg.a(lib_a-lock.o)
                0x00000e10                __retarget_lock_close_recursive
 .text.__retarget_lock_acquire
                0x00000e14        0x4 c:/ti/ccs1020/ccs/tools/compiler/gcc-arm-none-eabi-7-2017-q4-major-win32/bin/../lib/gcc/arm-none-eabi/7.2.1/../../../../arm-none-eabi/lib/thumb/v7e-m/fpv4-sp/hard\libg.a(lib_a-lock.o)
                0x00000e14                __retarget_lock_acquire
 .text.__retarget_lock_acquire_recursive
                0x00000e18        0x4 c:/ti/ccs1020/ccs/tools/compiler/gcc-arm-none-eabi-7-2017-q4-major-win32/bin/../lib/gcc/arm-none-eabi/7.2.1/../../../../arm-none-eabi/lib/thumb/v7e-m/fpv4-sp/hard\libg.a(lib_a-lock.o)
                0x00000e18                __retarget_lock_acquire_recursive
 .text.__retarget_lock_try_acquire
                0x00000e1c        0x4 c:/ti/ccs1020/ccs/tools/compiler/gcc-arm-none-eabi-7-2017-q4-major-win32/bin/../lib/gcc/arm-none-eabi/7.2.1/../../../../arm-none-eabi/lib/thumb/v7e-m/fpv4-sp/hard\libg.a(lib_a-lock.o)
                0x00000e1c                __retarget_lock_try_acquire
 .text.__retarget_lock_try_acquire_recursive
                0x00000e20        0x4 c:/ti/ccs1020/ccs/tools/compiler/gcc-arm-none-eabi-7-2017-q4-major-win32/bin/../lib/gcc/arm-none-eabi/7.2.1/../../../../arm-none-eabi/lib/thumb/v7e-m/fpv4-sp/hard\libg.a(lib_a-lock.o)
                0x00000e20                __retarget_lock_try_acquire_recursive
 .text.__retarget_lock_release
                0x00000e24        0x4 c:/ti/ccs1020/ccs/tools/compiler/gcc-arm-none-eabi-7-2017-q4-major-win32/bin/../lib/gcc/arm-none-eabi/7.2.1/../../../../arm-none-eabi/lib/thumb/v7e-m/fpv4-sp/hard\libg.a(lib_a-lock.o)
                0x00000e24                __retarget_lock_release
 .text.__retarget_lock_release_recursive
                0x00000e28        0x4 c:/ti/ccs1020/ccs/tools/compiler/gcc-arm-none-eabi-7-2017-q4-major-win32/bin/../lib/gcc/arm-none-eabi/7.2.1/../../../../arm-none-eabi/lib/thumb/v7e-m/fpv4-sp/hard\libg.a(lib_a-lock.o)
                0x00000e28                __retarget_lock_release_recursive
 .text.__register_exitproc
                0x00000e2c       0xc0 c:/ti/ccs1020/ccs/tools/compiler/gcc-arm-none-eabi-7-2017-q4-major-win32/bin/../lib/gcc/arm-none-eabi/7.2.1/../../../../arm-none-eabi/lib/thumb/v7e-m/fpv4-sp/hard\libg.a(lib_a-__atexit.o)
                0x00000e2c                __register_exitproc
 .text._exit    0x00000eec        0x4 c:/ti/ccs1020/ccs/tools/compiler/gcc-arm-none-eabi-7-2017-q4-major-win32/bin/../lib/gcc/arm-none-eabi/7.2.1/../../../../arm-none-eabi/lib/thumb/v7e-m/fpv4-sp/hard\libnosys.a(_exit.o)
                0x00000eec                _exit
                0x00000ef0                . = ALIGN (0x4)
 *(.ctors)
                0x00000ef0                . = ALIGN (0x4)
 *(.dtors)
                0x00000ef0                . = ALIGN (0x4)
                0x00000ef0                __init_array_start = .
 *(.init_array*)
 .init_array    0x00000ef0        0x4 c:/ti/ccs1020/ccs/tools/compiler/gcc-arm-none-eabi-7-2017-q4-major-win32/bin/../lib/gcc/arm-none-eabi/7.2.1/thumb/v7e-m/fpv4-sp/hard/crtbegin.o
 .init_array.00000
                0x00000ef4        0x4 c:/ti/ccs1020/ccs/tools/compiler/gcc-arm-none-eabi-7-2017-q4-major-win32/bin/../lib/gcc/arm-none-eabi/7.2.1/../../../../arm-none-eabi/lib/thumb/v7e-m/fpv4-sp/hard\libg.a(lib_a-__call_atexit.o)
                0x00000ef8                __init_array_end = .
 *(.init)
 .init          0x00000ef8        0x4 c:/ti/ccs1020/ccs/tools/compiler/gcc-arm-none-eabi-7-2017-q4-major-win32/bin/../lib/gcc/arm-none-eabi/7.2.1/thumb/v7e-m/fpv4-sp/hard/crti.o
                0x00000ef8                _init
 .init          0x00000efc        0x8 c:/ti/ccs1020/ccs/tools/compiler/gcc-arm-none-eabi-7-2017-q4-major-win32/bin/../lib/gcc/arm-none-eabi/7.2.1/thumb/v7e-m/fpv4-sp/hard/crtn.o
 *(.fini*)
 .fini          0x00000f04        0x4 c:/ti/ccs1020/ccs/tools/compiler/gcc-arm-none-eabi-7-2017-q4-major-win32/bin/../lib/gcc/arm-none-eabi/7.2.1/thumb/v7e-m/fpv4-sp/hard/crti.o
                0x00000f04                _fini
 .fini_array    0x00000f08        0x4 c:/ti/ccs1020/ccs/tools/compiler/gcc-arm-none-eabi-7-2017-q4-major-win32/bin/../lib/gcc/arm-none-eabi/7.2.1/thumb/v7e-m/fpv4-sp/hard/crtbegin.o
 .fini          0x00000f0c        0x8 c:/ti/ccs1020/ccs/tools/compiler/gcc-arm-none-eabi-7-2017-q4-major-win32/bin/../lib/gcc/arm-none-eabi/7.2.1/thumb/v7e-m/fpv4-sp/hard/crtn.o
                [!provide]                PROVIDE (__etext, .)
                [!provide]                PROVIDE (_etext, .)
                [!provide]                PROVIDE (etext, .)

.glue_7         0x00000f14        0x0
 .glue_7        0x00000f14        0x0 linker stubs

.glue_7t        0x00000f14        0x0
 .glue_7t       0x00000f14        0x0 linker stubs

.vfp11_veneer   0x00000f14        0x0
 .vfp11_veneer  0x00000f14        0x0 linker stubs

.v4_bx          0x00000f14        0x0
 .v4_bx         0x00000f14        0x0 linker stubs

.iplt           0x00000f14        0x0
 .iplt          0x00000f14        0x0 c:/ti/ccs1020/ccs/tools/compiler/gcc-arm-none-eabi-7-2017-q4-major-win32/bin/../lib/gcc/arm-none-eabi/7.2.1/thumb/v7e-m/fpv4-sp/hard/crtbegin.o

.rodata         0x00000f14        0x4
 *(.rodata)
 *(.rodata*)
 .rodata._global_impure_ptr
                0x00000f14        0x4 c:/ti/ccs1020/ccs/tools/compiler/gcc-arm-none-eabi-7-2017-q4-major-win32/bin/../lib/gcc/arm-none-eabi/7.2.1/../../../../arm-none-eabi/lib/thumb/v7e-m/fpv4-sp/hard\libg.a(lib_a-impure.o)
                0x00000f14                _global_impure_ptr

.eh_frame       0x00000f18        0x4
 .eh_frame      0x00000f18        0x0 c:/ti/ccs1020/ccs/tools/compiler/gcc-arm-none-eabi-7-2017-q4-major-win32/bin/../lib/gcc/arm-none-eabi/7.2.1/thumb/v7e-m/fpv4-sp/hard/crtbegin.o
 .eh_frame      0x00000f18        0x4 c:/ti/ccs1020/ccs/tools/compiler/gcc-arm-none-eabi-7-2017-q4-major-win32/bin/../lib/gcc/arm-none-eabi/7.2.1/thumb/v7e-m/fpv4-sp/hard/crtend.o

.data           0x20000000      0x434 load address 0x00000f1c
                0x00000f1c                __data_load__ = LOADADDR (.data)
                0x20000000                __data_start__ = .
 *(.data)
 .data          0x20000000        0x0 c:/ti/ccs1020/ccs/tools/compiler/gcc-arm-none-eabi-7-2017-q4-major-win32/bin/../lib/gcc/arm-none-eabi/7.2.1/thumb/v7e-m/fpv4-sp/hard/crti.o
 .data          0x20000000        0x4 c:/ti/ccs1020/ccs/tools/compiler/gcc-arm-none-eabi-7-2017-q4-major-win32/bin/../lib/gcc/arm-none-eabi/7.2.1/thumb/v7e-m/fpv4-sp/hard/crtbegin.o
                0x20000000                __dso_handle
 .data          0x20000004        0x0 c:/ti/ccs1020/ccs/tools/compiler/gcc-arm-none-eabi-7-2017-q4-major-win32/bin/../lib/gcc/arm-none-eabi/7.2.1/../../../../arm-none-eabi/lib/thumb/v7e-m/fpv4-sp/hard/crt0.o
 .data          0x20000004        0x0 ./main.o
 .data          0x20000004        0x0 ./tm4c123gh6pm_startup_ccs_gcc.o
 .data          0x20000004        0x0 ./HAL/HBLUETOOTH/HBLUETOOTH_program.o
 .data          0x20000004        0x0 ./MCAL/MDIO/MDIO_program.o
 .data          0x20000004        0x0 ./MCAL/MSPI/MSPI_program.o
 .data          0x20000004        0x0 ./MCAL/MSysTick/MSysTick_program.o
 .data          0x20000004        0x0 ./MCAL/MUART/MUART_program.o
 .data          0x20000004        0x0 c:/ti/ccs1020/ccs/tools/compiler/gcc-arm-none-eabi-7-2017-q4-major-win32/bin/../lib/gcc/arm-none-eabi/7.2.1/../../../../arm-none-eabi/lib/thumb/v7e-m/fpv4-sp/hard\libg.a(lib_a-exit.o)
 .data          0x20000004        0x0 c:/ti/ccs1020/ccs/tools/compiler/gcc-arm-none-eabi-7-2017-q4-major-win32/bin/../lib/gcc/arm-none-eabi/7.2.1/../../../../arm-none-eabi/lib/thumb/v7e-m/fpv4-sp/hard\libg.a(lib_a-impure.o)
 .data          0x20000004        0x0 c:/ti/ccs1020/ccs/tools/compiler/gcc-arm-none-eabi-7-2017-q4-major-win32/bin/../lib/gcc/arm-none-eabi/7.2.1/../../../../arm-none-eabi/lib/thumb/v7e-m/fpv4-sp/hard\libg.a(lib_a-init.o)
 .data          0x20000004        0x0 c:/ti/ccs1020/ccs/tools/compiler/gcc-arm-none-eabi-7-2017-q4-major-win32/bin/../lib/gcc/arm-none-eabi/7.2.1/../../../../arm-none-eabi/lib/thumb/v7e-m/fpv4-sp/hard\libg.a(lib_a-memset.o)
 .data          0x20000004        0x0 c:/ti/ccs1020/ccs/tools/compiler/gcc-arm-none-eabi-7-2017-q4-major-win32/bin/../lib/gcc/arm-none-eabi/7.2.1/../../../../arm-none-eabi/lib/thumb/v7e-m/fpv4-sp/hard\libg.a(lib_a-__call_atexit.o)
 .data          0x20000004        0x0 c:/ti/ccs1020/ccs/tools/compiler/gcc-arm-none-eabi-7-2017-q4-major-win32/bin/../lib/gcc/arm-none-eabi/7.2.1/../../../../arm-none-eabi/lib/thumb/v7e-m/fpv4-sp/hard\libg.a(lib_a-atexit.o)
 .data          0x20000004        0x0 c:/ti/ccs1020/ccs/tools/compiler/gcc-arm-none-eabi-7-2017-q4-major-win32/bin/../lib/gcc/arm-none-eabi/7.2.1/../../../../arm-none-eabi/lib/thumb/v7e-m/fpv4-sp/hard\libg.a(lib_a-fini.o)
 .data          0x20000004        0x0 c:/ti/ccs1020/ccs/tools/compiler/gcc-arm-none-eabi-7-2017-q4-major-win32/bin/../lib/gcc/arm-none-eabi/7.2.1/../../../../arm-none-eabi/lib/thumb/v7e-m/fpv4-sp/hard\libg.a(lib_a-lock.o)
 .data          0x20000004        0x0 c:/ti/ccs1020/ccs/tools/compiler/gcc-arm-none-eabi-7-2017-q4-major-win32/bin/../lib/gcc/arm-none-eabi/7.2.1/../../../../arm-none-eabi/lib/thumb/v7e-m/fpv4-sp/hard\libg.a(lib_a-__atexit.o)
 .data          0x20000004        0x0 c:/ti/ccs1020/ccs/tools/compiler/gcc-arm-none-eabi-7-2017-q4-major-win32/bin/../lib/gcc/arm-none-eabi/7.2.1/../../../../arm-none-eabi/lib/thumb/v7e-m/fpv4-sp/hard\libnosys.a(_exit.o)
 .data          0x20000004        0x0 c:/ti/ccs1020/ccs/tools/compiler/gcc-arm-none-eabi-7-2017-q4-major-win32/bin/../lib/gcc/arm-none-eabi/7.2.1/thumb/v7e-m/fpv4-sp/hard/crtend.o
 .data          0x20000004        0x0 c:/ti/ccs1020/ccs/tools/compiler/gcc-arm-none-eabi-7-2017-q4-major-win32/bin/../lib/gcc/arm-none-eabi/7.2.1/thumb/v7e-m/fpv4-sp/hard/crtn.o
 *(.data*)
 .data._impure_ptr
                0x20000004        0x4 c:/ti/ccs1020/ccs/tools/compiler/gcc-arm-none-eabi-7-2017-q4-major-win32/bin/../lib/gcc/arm-none-eabi/7.2.1/../../../../arm-none-eabi/lib/thumb/v7e-m/fpv4-sp/hard\libg.a(lib_a-impure.o)
                0x20000004                _impure_ptr
 .data.impure_data
                0x20000008      0x428 c:/ti/ccs1020/ccs/tools/compiler/gcc-arm-none-eabi-7-2017-q4-major-win32/bin/../lib/gcc/arm-none-eabi/7.2.1/../../../../arm-none-eabi/lib/thumb/v7e-m/fpv4-sp/hard\libg.a(lib_a-impure.o)
 .data.__atexit_recursive_mutex
                0x20000430        0x4 c:/ti/ccs1020/ccs/tools/compiler/gcc-arm-none-eabi-7-2017-q4-major-win32/bin/../lib/gcc/arm-none-eabi/7.2.1/../../../../arm-none-eabi/lib/thumb/v7e-m/fpv4-sp/hard\libg.a(lib_a-__call_atexit.o)
                0x20000430                __atexit_recursive_mutex
                0x20000434                . = ALIGN (0x4)
                0x20000434                __data_end__ = .

.igot.plt       0x20000434        0x0 load address 0x00001350
 .igot.plt      0x20000434        0x0 c:/ti/ccs1020/ccs/tools/compiler/gcc-arm-none-eabi-7-2017-q4-major-win32/bin/../lib/gcc/arm-none-eabi/7.2.1/thumb/v7e-m/fpv4-sp/hard/crtbegin.o

.ARM.exidx      0x00001350        0x8
                0x00001350                __exidx_start = .
 *(.ARM.exidx* .gnu.linkonce.armexidx.*)
 .ARM.exidx     0x00001350        0x8 c:/ti/ccs1020/ccs/tools/compiler/gcc-arm-none-eabi-7-2017-q4-major-win32/bin/../lib/gcc/arm-none-eabi/7.2.1/../../../../arm-none-eabi/lib/thumb/v7e-m/fpv4-sp/hard/crt0.o
                0x00001358                __exidx_end = .

.ARM.extab      0x00001358        0x0
 *(.ARM.extab* .gnu.linkonce.armextab.*)
 .ARM.extab     0x00001358        0x0 c:/ti/ccs1020/ccs/tools/compiler/gcc-arm-none-eabi-7-2017-q4-major-win32/bin/../lib/gcc/arm-none-eabi/7.2.1/../../../../arm-none-eabi/lib/thumb/v7e-m/fpv4-sp/hard/crt0.o

.rel.dyn        0x00001358        0x0
 .rel.iplt      0x00001358        0x0 c:/ti/ccs1020/ccs/tools/compiler/gcc-arm-none-eabi-7-2017-q4-major-win32/bin/../lib/gcc/arm-none-eabi/7.2.1/thumb/v7e-m/fpv4-sp/hard/crtbegin.o

.bss            0x20000434      0x248
                0x20000434                __bss_start__ = .
 *(.shbss)
 *(.bss)
 .bss           0x20000434        0x0 c:/ti/ccs1020/ccs/tools/compiler/gcc-arm-none-eabi-7-2017-q4-major-win32/bin/../lib/gcc/arm-none-eabi/7.2.1/thumb/v7e-m/fpv4-sp/hard/crti.o
 .bss           0x20000434       0x1c c:/ti/ccs1020/ccs/tools/compiler/gcc-arm-none-eabi-7-2017-q4-major-win32/bin/../lib/gcc/arm-none-eabi/7.2.1/thumb/v7e-m/fpv4-sp/hard/crtbegin.o
 .bss           0x20000450        0x0 c:/ti/ccs1020/ccs/tools/compiler/gcc-arm-none-eabi-7-2017-q4-major-win32/bin/../lib/gcc/arm-none-eabi/7.2.1/../../../../arm-none-eabi/lib/thumb/v7e-m/fpv4-sp/hard/crt0.o
 .bss           0x20000450        0x0 ./main.o
 .bss           0x20000450        0x0 ./tm4c123gh6pm_startup_ccs_gcc.o
 .bss           0x20000450        0x0 ./HAL/HBLUETOOTH/HBLUETOOTH_program.o
 .bss           0x20000450        0x0 ./MCAL/MDIO/MDIO_program.o
 .bss           0x20000450        0x0 ./MCAL/MSPI/MSPI_program.o
 .bss           0x20000450        0x0 ./MCAL/MSysTick/MSysTick_program.o
 .bss           0x20000450        0x0 ./MCAL/MUART/MUART_program.o
 .bss           0x20000450        0x0 c:/ti/ccs1020/ccs/tools/compiler/gcc-arm-none-eabi-7-2017-q4-major-win32/bin/../lib/gcc/arm-none-eabi/7.2.1/../../../../arm-none-eabi/lib/thumb/v7e-m/fpv4-sp/hard\libg.a(lib_a-exit.o)
 .bss           0x20000450        0x0 c:/ti/ccs1020/ccs/tools/compiler/gcc-arm-none-eabi-7-2017-q4-major-win32/bin/../lib/gcc/arm-none-eabi/7.2.1/../../../../arm-none-eabi/lib/thumb/v7e-m/fpv4-sp/hard\libg.a(lib_a-impure.o)
 .bss           0x20000450        0x0 c:/ti/ccs1020/ccs/tools/compiler/gcc-arm-none-eabi-7-2017-q4-major-win32/bin/../lib/gcc/arm-none-eabi/7.2.1/../../../../arm-none-eabi/lib/thumb/v7e-m/fpv4-sp/hard\libg.a(lib_a-init.o)
 .bss           0x20000450        0x0 c:/ti/ccs1020/ccs/tools/compiler/gcc-arm-none-eabi-7-2017-q4-major-win32/bin/../lib/gcc/arm-none-eabi/7.2.1/../../../../arm-none-eabi/lib/thumb/v7e-m/fpv4-sp/hard\libg.a(lib_a-memset.o)
 .bss           0x20000450        0x0 c:/ti/ccs1020/ccs/tools/compiler/gcc-arm-none-eabi-7-2017-q4-major-win32/bin/../lib/gcc/arm-none-eabi/7.2.1/../../../../arm-none-eabi/lib/thumb/v7e-m/fpv4-sp/hard\libg.a(lib_a-__call_atexit.o)
 .bss           0x20000450        0x0 c:/ti/ccs1020/ccs/tools/compiler/gcc-arm-none-eabi-7-2017-q4-major-win32/bin/../lib/gcc/arm-none-eabi/7.2.1/../../../../arm-none-eabi/lib/thumb/v7e-m/fpv4-sp/hard\libg.a(lib_a-atexit.o)
 .bss           0x20000450        0x0 c:/ti/ccs1020/ccs/tools/compiler/gcc-arm-none-eabi-7-2017-q4-major-win32/bin/../lib/gcc/arm-none-eabi/7.2.1/../../../../arm-none-eabi/lib/thumb/v7e-m/fpv4-sp/hard\libg.a(lib_a-fini.o)
 .bss           0x20000450        0x0 c:/ti/ccs1020/ccs/tools/compiler/gcc-arm-none-eabi-7-2017-q4-major-win32/bin/../lib/gcc/arm-none-eabi/7.2.1/../../../../arm-none-eabi/lib/thumb/v7e-m/fpv4-sp/hard\libg.a(lib_a-lock.o)
 .bss           0x20000450        0x0 c:/ti/ccs1020/ccs/tools/compiler/gcc-arm-none-eabi-7-2017-q4-major-win32/bin/../lib/gcc/arm-none-eabi/7.2.1/../../../../arm-none-eabi/lib/thumb/v7e-m/fpv4-sp/hard\libg.a(lib_a-__atexit.o)
 .bss           0x20000450        0x0 c:/ti/ccs1020/ccs/tools/compiler/gcc-arm-none-eabi-7-2017-q4-major-win32/bin/../lib/gcc/arm-none-eabi/7.2.1/../../../../arm-none-eabi/lib/thumb/v7e-m/fpv4-sp/hard\libnosys.a(_exit.o)
 .bss           0x20000450        0x0 c:/ti/ccs1020/ccs/tools/compiler/gcc-arm-none-eabi-7-2017-q4-major-win32/bin/../lib/gcc/arm-none-eabi/7.2.1/thumb/v7e-m/fpv4-sp/hard/crtend.o
 .bss           0x20000450        0x0 c:/ti/ccs1020/ccs/tools/compiler/gcc-arm-none-eabi-7-2017-q4-major-win32/bin/../lib/gcc/arm-none-eabi/7.2.1/thumb/v7e-m/fpv4-sp/hard/crtn.o
 *(.bss.*)
 .bss.pui32Stack
                0x20000450      0x200 ./tm4c123gh6pm_startup_ccs_gcc.o
 .bss.checkUsedArr.5397
                0x20000650        0x6 ./MCAL/MDIO/MDIO_program.o
 .bss.timeoutVar
                0x20000656        0x1 ./MCAL/MUART/MUART_program.o
                0x20000656                timeoutVar
 *(COMMON)
 *fill*         0x20000657        0x1 
 COMMON         0x20000658       0x21 c:/ti/ccs1020/ccs/tools/compiler/gcc-arm-none-eabi-7-2017-q4-major-win32/bin/../lib/gcc/arm-none-eabi/7.2.1/../../../../arm-none-eabi/lib/thumb/v7e-m/fpv4-sp/hard\libg.a(lib_a-lock.o)
                0x20000658                __lock___atexit_recursive_mutex
                0x2000065c                __lock___arc4random_mutex
                0x20000660                __lock___env_recursive_mutex
                0x20000664                __lock___sinit_recursive_mutex
                0x20000668                __lock___malloc_recursive_mutex
                0x2000066c                __lock___at_quick_exit_mutex
                0x20000670                __lock___dd_hash_mutex
                0x20000674                __lock___tz_mutex
                0x20000678                __lock___sfp_recursive_mutex
                0x2000067c                . = ALIGN (0x4)
 *fill*         0x20000679        0x3 
                0x2000067c                __bss_end__ = .

.heap           0x2000067c        0x0
                0x2000067c                __heap_start__ = .
                0x2000067c                end = __heap_start__
                0x2000067c                _end = end
                0x2000067c                __end = end
 *(.heap)
                0x2000067c                __heap_end__ = .
                0x2000067c                __HeapLimit = __heap_end__

.stack          0x20000680        0x0
                0x20000680                _stack = .
                0x20000680                __stack = .
 *(.stack)
START GROUP
LOAD c:/ti/ccs1020/ccs/tools/compiler/gcc-arm-none-eabi-7-2017-q4-major-win32/bin/../lib/gcc/arm-none-eabi/7.2.1/thumb/v7e-m/fpv4-sp/hard\libgcc.a
LOAD c:/ti/ccs1020/ccs/tools/compiler/gcc-arm-none-eabi-7-2017-q4-major-win32/bin/../lib/gcc/arm-none-eabi/7.2.1/../../../../arm-none-eabi/lib/thumb/v7e-m/fpv4-sp/hard\libg.a
LOAD c:/ti/ccs1020/ccs/tools/compiler/gcc-arm-none-eabi-7-2017-q4-major-win32/bin/../lib/gcc/arm-none-eabi/7.2.1/../../../../arm-none-eabi/lib/thumb/v7e-m/fpv4-sp/hard\libc.a
END GROUP
START GROUP
LOAD c:/ti/ccs1020/ccs/tools/compiler/gcc-arm-none-eabi-7-2017-q4-major-win32/bin/../lib/gcc/arm-none-eabi/7.2.1/thumb/v7e-m/fpv4-sp/hard\libgcc.a
LOAD c:/ti/ccs1020/ccs/tools/compiler/gcc-arm-none-eabi-7-2017-q4-major-win32/bin/../lib/gcc/arm-none-eabi/7.2.1/../../../../arm-none-eabi/lib/thumb/v7e-m/fpv4-sp/hard\libc.a
LOAD c:/ti/ccs1020/ccs/tools/compiler/gcc-arm-none-eabi-7-2017-q4-major-win32/bin/../lib/gcc/arm-none-eabi/7.2.1/../../../../arm-none-eabi/lib/thumb/v7e-m/fpv4-sp/hard\libnosys.a
END GROUP
LOAD c:/ti/ccs1020/ccs/tools/compiler/gcc-arm-none-eabi-7-2017-q4-major-win32/bin/../lib/gcc/arm-none-eabi/7.2.1/thumb/v7e-m/fpv4-sp/hard/crtend.o
LOAD c:/ti/ccs1020/ccs/tools/compiler/gcc-arm-none-eabi-7-2017-q4-major-win32/bin/../lib/gcc/arm-none-eabi/7.2.1/thumb/v7e-m/fpv4-sp/hard/crtn.o
OUTPUT(MASTER_TIVAC.out elf32-littlearm)

.ARM.attributes
                0x00000000       0x30
 .ARM.attributes
                0x00000000       0x22 c:/ti/ccs1020/ccs/tools/compiler/gcc-arm-none-eabi-7-2017-q4-major-win32/bin/../lib/gcc/arm-none-eabi/7.2.1/thumb/v7e-m/fpv4-sp/hard/crti.o
 .ARM.attributes
                0x00000022       0x34 c:/ti/ccs1020/ccs/tools/compiler/gcc-arm-none-eabi-7-2017-q4-major-win32/bin/../lib/gcc/arm-none-eabi/7.2.1/thumb/v7e-m/fpv4-sp/hard/crtbegin.o
 .ARM.attributes
                0x00000056       0x20 c:/ti/ccs1020/ccs/tools/compiler/gcc-arm-none-eabi-7-2017-q4-major-win32/bin/../lib/gcc/arm-none-eabi/7.2.1/../../../../arm-none-eabi/lib/thumb/v7e-m/fpv4-sp/hard/crt0.o
 .ARM.attributes
                0x00000076       0x39 ./main.o
 .ARM.attributes
                0x000000af       0x39 ./tm4c123gh6pm_startup_ccs_gcc.o
 .ARM.attributes
                0x000000e8       0x39 ./HAL/HBLUETOOTH/HBLUETOOTH_program.o
 .ARM.attributes
                0x00000121       0x39 ./MCAL/MDIO/MDIO_program.o
 .ARM.attributes
                0x0000015a       0x39 ./MCAL/MSPI/MSPI_program.o
 .ARM.attributes
                0x00000193       0x39 ./MCAL/MSysTick/MSysTick_program.o
 .ARM.attributes
                0x000001cc       0x39 ./MCAL/MUART/MUART_program.o
 .ARM.attributes
                0x00000205       0x34 c:/ti/ccs1020/ccs/tools/compiler/gcc-arm-none-eabi-7-2017-q4-major-win32/bin/../lib/gcc/arm-none-eabi/7.2.1/../../../../arm-none-eabi/lib/thumb/v7e-m/fpv4-sp/hard\libg.a(lib_a-exit.o)
 .ARM.attributes
                0x00000239       0x34 c:/ti/ccs1020/ccs/tools/compiler/gcc-arm-none-eabi-7-2017-q4-major-win32/bin/../lib/gcc/arm-none-eabi/7.2.1/../../../../arm-none-eabi/lib/thumb/v7e-m/fpv4-sp/hard\libg.a(lib_a-impure.o)
 .ARM.attributes
                0x0000026d       0x34 c:/ti/ccs1020/ccs/tools/compiler/gcc-arm-none-eabi-7-2017-q4-major-win32/bin/../lib/gcc/arm-none-eabi/7.2.1/../../../../arm-none-eabi/lib/thumb/v7e-m/fpv4-sp/hard\libg.a(lib_a-init.o)
 .ARM.attributes
                0x000002a1       0x34 c:/ti/ccs1020/ccs/tools/compiler/gcc-arm-none-eabi-7-2017-q4-major-win32/bin/../lib/gcc/arm-none-eabi/7.2.1/../../../../arm-none-eabi/lib/thumb/v7e-m/fpv4-sp/hard\libg.a(lib_a-memset.o)
 .ARM.attributes
                0x000002d5       0x34 c:/ti/ccs1020/ccs/tools/compiler/gcc-arm-none-eabi-7-2017-q4-major-win32/bin/../lib/gcc/arm-none-eabi/7.2.1/../../../../arm-none-eabi/lib/thumb/v7e-m/fpv4-sp/hard\libg.a(lib_a-__call_atexit.o)
 .ARM.attributes
                0x00000309       0x34 c:/ti/ccs1020/ccs/tools/compiler/gcc-arm-none-eabi-7-2017-q4-major-win32/bin/../lib/gcc/arm-none-eabi/7.2.1/../../../../arm-none-eabi/lib/thumb/v7e-m/fpv4-sp/hard\libg.a(lib_a-atexit.o)
 .ARM.attributes
                0x0000033d       0x34 c:/ti/ccs1020/ccs/tools/compiler/gcc-arm-none-eabi-7-2017-q4-major-win32/bin/../lib/gcc/arm-none-eabi/7.2.1/../../../../arm-none-eabi/lib/thumb/v7e-m/fpv4-sp/hard\libg.a(lib_a-fini.o)
 .ARM.attributes
                0x00000371       0x34 c:/ti/ccs1020/ccs/tools/compiler/gcc-arm-none-eabi-7-2017-q4-major-win32/bin/../lib/gcc/arm-none-eabi/7.2.1/../../../../arm-none-eabi/lib/thumb/v7e-m/fpv4-sp/hard\libg.a(lib_a-lock.o)
 .ARM.attributes
                0x000003a5       0x34 c:/ti/ccs1020/ccs/tools/compiler/gcc-arm-none-eabi-7-2017-q4-major-win32/bin/../lib/gcc/arm-none-eabi/7.2.1/../../../../arm-none-eabi/lib/thumb/v7e-m/fpv4-sp/hard\libg.a(lib_a-__atexit.o)
 .ARM.attributes
                0x000003d9       0x34 c:/ti/ccs1020/ccs/tools/compiler/gcc-arm-none-eabi-7-2017-q4-major-win32/bin/../lib/gcc/arm-none-eabi/7.2.1/../../../../arm-none-eabi/lib/thumb/v7e-m/fpv4-sp/hard\libnosys.a(_exit.o)
 .ARM.attributes
                0x0000040d       0x34 c:/ti/ccs1020/ccs/tools/compiler/gcc-arm-none-eabi-7-2017-q4-major-win32/bin/../lib/gcc/arm-none-eabi/7.2.1/thumb/v7e-m/fpv4-sp/hard/crtend.o
 .ARM.attributes
                0x00000441       0x22 c:/ti/ccs1020/ccs/tools/compiler/gcc-arm-none-eabi-7-2017-q4-major-win32/bin/../lib/gcc/arm-none-eabi/7.2.1/thumb/v7e-m/fpv4-sp/hard/crtn.o

.comment        0x00000000       0x7e
 .comment       0x00000000       0x7e ./main.o
                                 0x7f (size before relaxing)
 .comment       0x0000007e       0x7f ./tm4c123gh6pm_startup_ccs_gcc.o
 .comment       0x0000007e       0x7f ./HAL/HBLUETOOTH/HBLUETOOTH_program.o
 .comment       0x0000007e       0x7f ./MCAL/MDIO/MDIO_program.o
 .comment       0x0000007e       0x7f ./MCAL/MSPI/MSPI_program.o
 .comment       0x0000007e       0x7f ./MCAL/MSysTick/MSysTick_program.o
 .comment       0x0000007e       0x7f ./MCAL/MUART/MUART_program.o

.debug_info     0x00000000      0x729
 .debug_info    0x00000000       0x9b ./main.o
 .debug_info    0x0000009b      0x18f ./tm4c123gh6pm_startup_ccs_gcc.o
 .debug_info    0x0000022a       0xa6 ./HAL/HBLUETOOTH/HBLUETOOTH_program.o
 .debug_info    0x000002d0      0x173 ./MCAL/MDIO/MDIO_program.o
 .debug_info    0x00000443      0x11e ./MCAL/MSPI/MSPI_program.o
 .debug_info    0x00000561       0xc2 ./MCAL/MSysTick/MSysTick_program.o
 .debug_info    0x00000623      0x106 ./MCAL/MUART/MUART_program.o

.debug_abbrev   0x00000000      0x45c
 .debug_abbrev  0x00000000       0x5f ./main.o
 .debug_abbrev  0x0000005f       0xca ./tm4c123gh6pm_startup_ccs_gcc.o
 .debug_abbrev  0x00000129       0x69 ./HAL/HBLUETOOTH/HBLUETOOTH_program.o
 .debug_abbrev  0x00000192       0xfd ./MCAL/MDIO/MDIO_program.o
 .debug_abbrev  0x0000028f       0xc7 ./MCAL/MSPI/MSPI_program.o
 .debug_abbrev  0x00000356       0x76 ./MCAL/MSysTick/MSysTick_program.o
 .debug_abbrev  0x000003cc       0x90 ./MCAL/MUART/MUART_program.o

.debug_loc      0x00000000      0x445
 .debug_loc     0x00000000       0x13 ./main.o
 .debug_loc     0x00000013       0x26 ./tm4c123gh6pm_startup_ccs_gcc.o
 .debug_loc     0x00000039      0x35b ./MCAL/MDIO/MDIO_program.o
 .debug_loc     0x00000394       0x47 ./MCAL/MSPI/MSPI_program.o
 .debug_loc     0x000003db       0x39 ./MCAL/MSysTick/MSysTick_program.o
 .debug_loc     0x00000414       0x31 ./MCAL/MUART/MUART_program.o

.debug_aranges  0x00000000      0x130
 .debug_aranges
                0x00000000       0x20 ./main.o
 .debug_aranges
                0x00000020       0x38 ./tm4c123gh6pm_startup_ccs_gcc.o
 .debug_aranges
                0x00000058       0x28 ./HAL/HBLUETOOTH/HBLUETOOTH_program.o
 .debug_aranges
                0x00000080       0x30 ./MCAL/MDIO/MDIO_program.o
 .debug_aranges
                0x000000b0       0x28 ./MCAL/MSPI/MSPI_program.o
 .debug_aranges
                0x000000d8       0x28 ./MCAL/MSysTick/MSysTick_program.o
 .debug_aranges
                0x00000100       0x30 ./MCAL/MUART/MUART_program.o

.debug_ranges   0x00000000       0xc0
 .debug_ranges  0x00000000       0x10 ./main.o
 .debug_ranges  0x00000010       0x28 ./tm4c123gh6pm_startup_ccs_gcc.o
 .debug_ranges  0x00000038       0x18 ./HAL/HBLUETOOTH/HBLUETOOTH_program.o
 .debug_ranges  0x00000050       0x20 ./MCAL/MDIO/MDIO_program.o
 .debug_ranges  0x00000070       0x18 ./MCAL/MSPI/MSPI_program.o
 .debug_ranges  0x00000088       0x18 ./MCAL/MSysTick/MSysTick_program.o
 .debug_ranges  0x000000a0       0x20 ./MCAL/MUART/MUART_program.o

.debug_line     0x00000000      0x65c
 .debug_line    0x00000000       0x55 ./main.o
 .debug_line    0x00000055      0x179 ./tm4c123gh6pm_startup_ccs_gcc.o
 .debug_line    0x000001ce       0xac ./HAL/HBLUETOOTH/HBLUETOOTH_program.o
 .debug_line    0x0000027a      0x187 ./MCAL/MDIO/MDIO_program.o
 .debug_line    0x00000401       0xc1 ./MCAL/MSPI/MSPI_program.o
 .debug_line    0x000004c2       0xad ./MCAL/MSysTick/MSysTick_program.o
 .debug_line    0x0000056f       0xed ./MCAL/MUART/MUART_program.o

.debug_str      0x00000000      0x444
 .debug_str     0x00000000      0x160 ./main.o
                                0x187 (size before relaxing)
 .debug_str     0x00000160       0xeb ./tm4c123gh6pm_startup_ccs_gcc.o
                                0x25f (size before relaxing)
 .debug_str     0x0000024b       0x5a ./HAL/HBLUETOOTH/HBLUETOOTH_program.o
                                0x1ca (size before relaxing)
 .debug_str     0x000002a5       0x81 ./MCAL/MDIO/MDIO_program.o
                                0x1fe (size before relaxing)
 .debug_str     0x00000326       0x7c ./MCAL/MSPI/MSPI_program.o
                                0x1f2 (size before relaxing)
 .debug_str     0x000003a2       0x44 ./MCAL/MSysTick/MSysTick_program.o
                                0x1bf (size before relaxing)
 .debug_str     0x000003e6       0x5e ./MCAL/MUART/MUART_program.o
                                0x1df (size before relaxing)

.debug_frame    0x00000000      0x408
 .debug_frame   0x00000000       0x28 ./main.o
 .debug_frame   0x00000028       0x58 ./tm4c123gh6pm_startup_ccs_gcc.o
 .debug_frame   0x00000080       0x44 ./HAL/HBLUETOOTH/HBLUETOOTH_program.o
 .debug_frame   0x000000c4       0x40 ./MCAL/MDIO/MDIO_program.o
 .debug_frame   0x00000104       0x3c ./MCAL/MSPI/MSPI_program.o
 .debug_frame   0x00000140       0x38 ./MCAL/MSysTick/MSysTick_program.o
 .debug_frame   0x00000178       0x50 ./MCAL/MUART/MUART_program.o
 .debug_frame   0x000001c8       0x28 c:/ti/ccs1020/ccs/tools/compiler/gcc-arm-none-eabi-7-2017-q4-major-win32/bin/../lib/gcc/arm-none-eabi/7.2.1/../../../../arm-none-eabi/lib/thumb/v7e-m/fpv4-sp/hard\libg.a(lib_a-exit.o)
 .debug_frame   0x000001f0       0x2c c:/ti/ccs1020/ccs/tools/compiler/gcc-arm-none-eabi-7-2017-q4-major-win32/bin/../lib/gcc/arm-none-eabi/7.2.1/../../../../arm-none-eabi/lib/thumb/v7e-m/fpv4-sp/hard\libg.a(lib_a-init.o)
 .debug_frame   0x0000021c       0x38 c:/ti/ccs1020/ccs/tools/compiler/gcc-arm-none-eabi-7-2017-q4-major-win32/bin/../lib/gcc/arm-none-eabi/7.2.1/../../../../arm-none-eabi/lib/thumb/v7e-m/fpv4-sp/hard\libg.a(lib_a-memset.o)
 .debug_frame   0x00000254       0x5c c:/ti/ccs1020/ccs/tools/compiler/gcc-arm-none-eabi-7-2017-q4-major-win32/bin/../lib/gcc/arm-none-eabi/7.2.1/../../../../arm-none-eabi/lib/thumb/v7e-m/fpv4-sp/hard\libg.a(lib_a-__call_atexit.o)
 .debug_frame   0x000002b0       0x20 c:/ti/ccs1020/ccs/tools/compiler/gcc-arm-none-eabi-7-2017-q4-major-win32/bin/../lib/gcc/arm-none-eabi/7.2.1/../../../../arm-none-eabi/lib/thumb/v7e-m/fpv4-sp/hard\libg.a(lib_a-atexit.o)
 .debug_frame   0x000002d0       0x34 c:/ti/ccs1020/ccs/tools/compiler/gcc-arm-none-eabi-7-2017-q4-major-win32/bin/../lib/gcc/arm-none-eabi/7.2.1/../../../../arm-none-eabi/lib/thumb/v7e-m/fpv4-sp/hard\libg.a(lib_a-fini.o)
 .debug_frame   0x00000304       0xb0 c:/ti/ccs1020/ccs/tools/compiler/gcc-arm-none-eabi-7-2017-q4-major-win32/bin/../lib/gcc/arm-none-eabi/7.2.1/../../../../arm-none-eabi/lib/thumb/v7e-m/fpv4-sp/hard\libg.a(lib_a-lock.o)
 .debug_frame   0x000003b4       0x34 c:/ti/ccs1020/ccs/tools/compiler/gcc-arm-none-eabi-7-2017-q4-major-win32/bin/../lib/gcc/arm-none-eabi/7.2.1/../../../../arm-none-eabi/lib/thumb/v7e-m/fpv4-sp/hard\libg.a(lib_a-__atexit.o)
 .debug_frame   0x000003e8       0x20 c:/ti/ccs1020/ccs/tools/compiler/gcc-arm-none-eabi-7-2017-q4-major-win32/bin/../lib/gcc/arm-none-eabi/7.2.1/../../../../arm-none-eabi/lib/thumb/v7e-m/fpv4-sp/hard\libnosys.a(_exit.o)
